---
source: tests/snapshot/handshake_snapshots.rs
expression: buffer
---
[
    1,
    0,
    0,
    0,
]
