---
source: tests/snapshot/record_snapshots.rs
expression: inner
---
TLSInnerPlaintext {
    content_type: ApplicationData,
    content: [
        1,
        2,
        3,
        4,
        5,
    ],
    zeros: [
        0,
        0,
        0,
    ],
}
