---
source: tests/snapshot/record_snapshots.rs
expression: ciphertext
---
TLSCiphertext {
    opaque_type: ApplicationData,
    legacy_record_version: ProtocolVersion {
        major: 3,
        minor: 3,
    },
    encrypted_record: [
        16,
        32,
        48,
        64,
        80,
    ],
}
